Archive member included because of file (symbol)

c:/winavr-20100110/bin/../lib/gcc/avr/4.3.3/avr5\libgcc.a(_mulsi3.o)
                              ./MCAL/Timer/Timer_prog.o (__mulsi3)
c:/winavr-20100110/bin/../lib/gcc/avr/4.3.3/avr5\libgcc.a(_udivmodqi4.o)
                              ./MCAL/DIO2/DIO/DIO.o (__udivmodqi4)
c:/winavr-20100110/bin/../lib/gcc/avr/4.3.3/avr5\libgcc.a(_udivmodhi4.o)
                              ./HAL/Ultrasonic_Sensor/Ultrasonic_prog.o (__udivmodhi4)
c:/winavr-20100110/bin/../lib/gcc/avr/4.3.3/avr5\libgcc.a(_udivmodsi4.o)
                              ./MCAL/Timer/Timer_prog.o (__udivmodsi4)
c:/winavr-20100110/bin/../lib/gcc/avr/4.3.3/avr5\libgcc.a(_exit.o)
                              c:/winavr-20100110/bin/../lib/gcc/avr/4.3.3/../../../../avr/lib/avr5/crtm32.o (exit)
c:/winavr-20100110/bin/../lib/gcc/avr/4.3.3/avr5\libgcc.a(_copy_data.o)
                              ./HAL/SSD/SSD_prog.o (__do_copy_data)
c:/winavr-20100110/bin/../lib/gcc/avr/4.3.3/avr5\libgcc.a(_clear_bss.o)
                              ./MCAL/Timer/Timer_prog.o (__do_clear_bss)
c:/winavr-20100110/bin/../lib/gcc/avr/4.3.3/avr5\libgcc.a(_fixunssfsi.o)
                              ./MCAL/UART/UART_prog.o (__fixunssfsi)
c:/winavr-20100110/bin/../lib/gcc/avr/4.3.3/avr5\libgcc.a(_addsub_sf.o)
                              ./MCAL/Timer/Timer_prog.o (__subsf3)
c:/winavr-20100110/bin/../lib/gcc/avr/4.3.3/avr5\libgcc.a(_mul_sf.o)
                              ./MCAL/UART/UART_prog.o (__mulsf3)
c:/winavr-20100110/bin/../lib/gcc/avr/4.3.3/avr5\libgcc.a(_div_sf.o)
                              ./MCAL/Timer/Timer_prog.o (__divsf3)
c:/winavr-20100110/bin/../lib/gcc/avr/4.3.3/avr5\libgcc.a(_ne_sf.o)
                              ./MCAL/Timer/Timer_prog.o (__nesf2)
c:/winavr-20100110/bin/../lib/gcc/avr/4.3.3/avr5\libgcc.a(_gt_sf.o)
                              ./MCAL/UART/UART_prog.o (__gtsf2)
c:/winavr-20100110/bin/../lib/gcc/avr/4.3.3/avr5\libgcc.a(_ge_sf.o)
                              ./HAL/Servo_motor/Servo_prog.o (__gesf2)
c:/winavr-20100110/bin/../lib/gcc/avr/4.3.3/avr5\libgcc.a(_lt_sf.o)
                              ./MCAL/UART/UART_prog.o (__ltsf2)
c:/winavr-20100110/bin/../lib/gcc/avr/4.3.3/avr5\libgcc.a(_le_sf.o)
                              ./HAL/Servo_motor/Servo_prog.o (__lesf2)
c:/winavr-20100110/bin/../lib/gcc/avr/4.3.3/avr5\libgcc.a(_sf_to_si.o)
                              c:/winavr-20100110/bin/../lib/gcc/avr/4.3.3/avr5\libgcc.a(_fixunssfsi.o) (__fixsfsi)
c:/winavr-20100110/bin/../lib/gcc/avr/4.3.3/avr5\libgcc.a(_thenan_sf.o)
                              c:/winavr-20100110/bin/../lib/gcc/avr/4.3.3/avr5\libgcc.a(_addsub_sf.o) (__thenan_sf)
c:/winavr-20100110/bin/../lib/gcc/avr/4.3.3/avr5\libgcc.a(_usi_to_sf.o)
                              ./MCAL/Timer/Timer_prog.o (__floatunsisf)
c:/winavr-20100110/bin/../lib/gcc/avr/4.3.3/avr5\libgcc.a(_prologue.o)
                              c:/winavr-20100110/bin/../lib/gcc/avr/4.3.3/avr5\libgcc.a(_addsub_sf.o) (__prologue_saves__)
c:/winavr-20100110/bin/../lib/gcc/avr/4.3.3/avr5\libgcc.a(_epilogue.o)
                              c:/winavr-20100110/bin/../lib/gcc/avr/4.3.3/avr5\libgcc.a(_addsub_sf.o) (__epilogue_restores__)
c:/winavr-20100110/bin/../lib/gcc/avr/4.3.3/avr5\libgcc.a(_clzsi2.o)
                              c:/winavr-20100110/bin/../lib/gcc/avr/4.3.3/avr5\libgcc.a(_usi_to_sf.o) (__clzsi2)
c:/winavr-20100110/bin/../lib/gcc/avr/4.3.3/avr5\libgcc.a(_pack_sf.o)
                              c:/winavr-20100110/bin/../lib/gcc/avr/4.3.3/avr5\libgcc.a(_addsub_sf.o) (__pack_f)
c:/winavr-20100110/bin/../lib/gcc/avr/4.3.3/avr5\libgcc.a(_unpack_sf.o)
                              c:/winavr-20100110/bin/../lib/gcc/avr/4.3.3/avr5\libgcc.a(_addsub_sf.o) (__unpack_f)
c:/winavr-20100110/bin/../lib/gcc/avr/4.3.3/avr5\libgcc.a(_fpcmp_parts_sf.o)
                              c:/winavr-20100110/bin/../lib/gcc/avr/4.3.3/avr5\libgcc.a(_ne_sf.o) (__fpcmp_parts_f)
c:/winavr-20100110/bin/../lib/gcc/avr/4.3.3/avr5\libgcc.a(_clz.o)
                              c:/winavr-20100110/bin/../lib/gcc/avr/4.3.3/avr5\libgcc.a(_clzsi2.o) (__clz_tab)
c:/winavr-20100110/bin/../lib/gcc/avr/4.3.3/../../../../avr/lib/avr5\libc.a(atol.o)
                              ./MCAL/UART/UART_prog.o (atol)
c:/winavr-20100110/bin/../lib/gcc/avr/4.3.3/../../../../avr/lib/avr5\libc.a(ltoa.o)
                              ./MCAL/UART/UART_prog.o (ltoa)
c:/winavr-20100110/bin/../lib/gcc/avr/4.3.3/../../../../avr/lib/avr5\libc.a(mulsi10.o)
                              c:/winavr-20100110/bin/../lib/gcc/avr/4.3.3/../../../../avr/lib/avr5\libc.a(atol.o) (__mulsi_const_10)
c:/winavr-20100110/bin/../lib/gcc/avr/4.3.3/../../../../avr/lib/avr5\libc.a(strrev.o)
                              c:/winavr-20100110/bin/../lib/gcc/avr/4.3.3/../../../../avr/lib/avr5\libc.a(ltoa.o) (strrev)

Allocating common symbols
Common symbol       size              file

key                 0x1               ./main.o
ADC_Callback        0x2               ./MCAL/ADC/ADC_prog.o
User_Password       0x32              ./main.o

Memory Configuration

Name             Origin             Length             Attributes
text             0x00000000         0x00020000         xr
data             0x00800060         0x0000ffa0         rw !x
eeprom           0x00810000         0x00010000         rw !x
fuse             0x00820000         0x00000400         rw !x
lock             0x00830000         0x00000400         rw !x
signature        0x00840000         0x00000400         rw !x
*default*        0x00000000         0xffffffff

Linker script and memory map

LOAD c:/winavr-20100110/bin/../lib/gcc/avr/4.3.3/../../../../avr/lib/avr5/crtm32.o
LOAD ./MCAL/WDT/WDT_prog.o
LOAD ./MCAL/UART/UART_prog.o
LOAD ./MCAL/Timer/Timer_prog.o
LOAD ./MCAL/SPI/SPI_prog.o
LOAD ./MCAL/I2C/I2C_prog.o
LOAD ./MCAL/EXIT_interrupt/EXT_INTERUPT_prog.o
LOAD ./MCAL/EEPROM/EEPROM.o
LOAD ./MCAL/DIO2/DIO/DIO.o
LOAD ./MCAL/DIO/DIO_prg.o
LOAD ./MCAL/ADC/ADC_prog.o
LOAD ./HAL/Ultrasonic_Sensor/Ultrasonic_prog.o
LOAD ./HAL/Temp_sensor/TempSensor_prog.o
LOAD ./HAL/Servo_motor/Servo_prog.o
LOAD ./HAL/SSD/SSD_prog.o
LOAD ./HAL/Push_button/Pb_prog.o
LOAD ./HAL/Lighting_sensor/LightingSensor_prog.o
LOAD ./HAL/LED/LED_prog.o
LOAD ./HAL/LCD/LCD_private.o
LOAD ./HAL/LCD/LCD_prog.o
LOAD ./HAL/KEY_PAD/KP_prog.o
LOAD ./HAL/EXT_EEPROM/EEPROM_prog.o
LOAD ./HAL/DC_Motor/DCMotor_prog.o
LOAD ./HAL/Buzzer/BUZZER_prog.o
LOAD ./main.o
LOAD c:/winavr-20100110/bin/../lib/gcc/avr/4.3.3/avr5\libgcc.a
LOAD c:/winavr-20100110/bin/../lib/gcc/avr/4.3.3/../../../../avr/lib/avr5\libc.a
LOAD c:/winavr-20100110/bin/../lib/gcc/avr/4.3.3/avr5\libgcc.a

.hash
 *(.hash)

.dynsym
 *(.dynsym)

.dynstr
 *(.dynstr)

.gnu.version
 *(.gnu.version)

.gnu.version_d
 *(.gnu.version_d)

.gnu.version_r
 *(.gnu.version_r)

.rel.init
 *(.rel.init)

.rela.init
 *(.rela.init)

.rel.text
 *(.rel.text)
 *(.rel.text.*)
 *(.rel.gnu.linkonce.t*)

.rela.text
 *(.rela.text)
 *(.rela.text.*)
 *(.rela.gnu.linkonce.t*)

.rel.fini
 *(.rel.fini)

.rela.fini
 *(.rela.fini)

.rel.rodata
 *(.rel.rodata)
 *(.rel.rodata.*)
 *(.rel.gnu.linkonce.r*)

.rela.rodata
 *(.rela.rodata)
 *(.rela.rodata.*)
 *(.rela.gnu.linkonce.r*)

.rel.data
 *(.rel.data)
 *(.rel.data.*)
 *(.rel.gnu.linkonce.d*)

.rela.data
 *(.rela.data)
 *(.rela.data.*)
 *(.rela.gnu.linkonce.d*)

.rel.ctors
 *(.rel.ctors)

.rela.ctors
 *(.rela.ctors)

.rel.dtors
 *(.rel.dtors)

.rela.dtors
 *(.rela.dtors)

.rel.got
 *(.rel.got)

.rela.got
 *(.rela.got)

.rel.bss
 *(.rel.bss)

.rela.bss
 *(.rela.bss)

.rel.plt
 *(.rel.plt)

.rela.plt
 *(.rela.plt)

.text           0x00000000     0x6eca
 *(.vectors)
 .vectors       0x00000000       0x54 c:/winavr-20100110/bin/../lib/gcc/avr/4.3.3/../../../../avr/lib/avr5/crtm32.o
                0x00000000                __vectors
                0x00000000                __vector_default
 *(.vectors)
 *(.progmem.gcc*)
 *(.progmem*)
                0x00000054                . = ALIGN (0x2)
                0x00000054                __trampolines_start = .
 *(.trampolines)
 .trampolines   0x00000054        0x0 linker stubs
 *(.trampolines*)
                0x00000054                __trampolines_end = .
 *(.jumptables)
 *(.jumptables*)
 *(.lowtext)
 *(.lowtext*)
                0x00000054                __ctors_start = .
 *(.ctors)
                0x00000054                __ctors_end = .
                0x00000054                __dtors_start = .
 *(.dtors)
                0x00000054                __dtors_end = .
 SORT(*)(.ctors)
 SORT(*)(.dtors)
 *(.init0)
 .init0         0x00000054        0x0 c:/winavr-20100110/bin/../lib/gcc/avr/4.3.3/../../../../avr/lib/avr5/crtm32.o
                0x00000054                __init
 *(.init0)
 *(.init1)
 *(.init1)
 *(.init2)
 .init2         0x00000054        0xc c:/winavr-20100110/bin/../lib/gcc/avr/4.3.3/../../../../avr/lib/avr5/crtm32.o
 *(.init2)
 *(.init3)
 *(.init3)
 *(.init4)
 .init4         0x00000060       0x16 c:/winavr-20100110/bin/../lib/gcc/avr/4.3.3/avr5\libgcc.a(_copy_data.o)
                0x00000060                __do_copy_data
 .init4         0x00000076       0x10 c:/winavr-20100110/bin/../lib/gcc/avr/4.3.3/avr5\libgcc.a(_clear_bss.o)
                0x00000076                __do_clear_bss
 *(.init4)
 *(.init5)
 *(.init5)
 *(.init6)
 *(.init6)
 *(.init7)
 *(.init7)
 *(.init8)
 *(.init8)
 *(.init9)
 .init9         0x00000086        0x8 c:/winavr-20100110/bin/../lib/gcc/avr/4.3.3/../../../../avr/lib/avr5/crtm32.o
 *(.init9)
 *(.text)
 .text          0x0000008e        0x4 c:/winavr-20100110/bin/../lib/gcc/avr/4.3.3/../../../../avr/lib/avr5/crtm32.o
                0x0000008e                __vector_12
                0x0000008e                __bad_interrupt
                0x0000008e                __vector_6
                0x0000008e                __vector_13
                0x0000008e                __vector_17
                0x0000008e                __vector_19
                0x0000008e                __vector_15
                0x0000008e                __vector_14
                0x0000008e                __vector_10
                0x0000008e                __vector_18
                0x0000008e                __vector_20
 .text          0x00000092        0x0 ./MCAL/WDT/WDT_prog.o
 .text          0x00000092        0x0 ./MCAL/UART/UART_prog.o
 .text          0x00000092        0x0 ./MCAL/Timer/Timer_prog.o
 .text          0x00000092        0x0 ./MCAL/SPI/SPI_prog.o
 .text          0x00000092        0x0 ./MCAL/I2C/I2C_prog.o
 .text          0x00000092        0x0 ./MCAL/EXIT_interrupt/EXT_INTERUPT_prog.o
 .text          0x00000092        0x0 ./MCAL/EEPROM/EEPROM.o
 .text          0x00000092        0x0 ./MCAL/DIO2/DIO/DIO.o
 .text          0x00000092        0x0 ./MCAL/DIO/DIO_prg.o
 .text          0x00000092        0x0 ./MCAL/ADC/ADC_prog.o
 .text          0x00000092        0x0 ./HAL/Ultrasonic_Sensor/Ultrasonic_prog.o
 .text          0x00000092        0x0 ./HAL/Temp_sensor/TempSensor_prog.o
 .text          0x00000092        0x0 ./HAL/Servo_motor/Servo_prog.o
 .text          0x00000092        0x0 ./HAL/SSD/SSD_prog.o
 .text          0x00000092        0x0 ./HAL/Push_button/Pb_prog.o
 .text          0x00000092        0x0 ./HAL/Lighting_sensor/LightingSensor_prog.o
 .text          0x00000092        0x0 ./HAL/LED/LED_prog.o
 .text          0x00000092        0x0 ./HAL/LCD/LCD_private.o
 .text          0x00000092        0x0 ./HAL/LCD/LCD_prog.o
 .text          0x00000092        0x0 ./HAL/KEY_PAD/KP_prog.o
 .text          0x00000092        0x0 ./HAL/EXT_EEPROM/EEPROM_prog.o
 .text          0x00000092        0x0 ./HAL/DC_Motor/DCMotor_prog.o
 .text          0x00000092        0x0 ./HAL/Buzzer/BUZZER_prog.o
 .text          0x00000092        0x0 ./main.o
 .text          0x00000092        0x0 c:/winavr-20100110/bin/../lib/gcc/avr/4.3.3/avr5\libgcc.a(_mulsi3.o)
 .text          0x00000092        0x0 c:/winavr-20100110/bin/../lib/gcc/avr/4.3.3/avr5\libgcc.a(_udivmodqi4.o)
 .text          0x00000092        0x0 c:/winavr-20100110/bin/../lib/gcc/avr/4.3.3/avr5\libgcc.a(_udivmodhi4.o)
 .text          0x00000092        0x0 c:/winavr-20100110/bin/../lib/gcc/avr/4.3.3/avr5\libgcc.a(_udivmodsi4.o)
 .text          0x00000092        0x0 c:/winavr-20100110/bin/../lib/gcc/avr/4.3.3/avr5\libgcc.a(_exit.o)
 .text          0x00000092        0x0 c:/winavr-20100110/bin/../lib/gcc/avr/4.3.3/avr5\libgcc.a(_copy_data.o)
 .text          0x00000092        0x0 c:/winavr-20100110/bin/../lib/gcc/avr/4.3.3/avr5\libgcc.a(_clear_bss.o)
 .text          0x00000092       0x58 c:/winavr-20100110/bin/../lib/gcc/avr/4.3.3/avr5\libgcc.a(_fixunssfsi.o)
                0x00000092                __fixunssfsi
 .text          0x000000ea      0x354 c:/winavr-20100110/bin/../lib/gcc/avr/4.3.3/avr5\libgcc.a(_addsub_sf.o)
                0x00000382                __subsf3
                0x000003e4                __addsf3
 .text          0x0000043e      0x1f4 c:/winavr-20100110/bin/../lib/gcc/avr/4.3.3/avr5\libgcc.a(_mul_sf.o)
                0x0000043e                __mulsf3
 .text          0x00000632      0x158 c:/winavr-20100110/bin/../lib/gcc/avr/4.3.3/avr5\libgcc.a(_div_sf.o)
                0x00000632                __divsf3
 .text          0x0000078a       0x60 c:/winavr-20100110/bin/../lib/gcc/avr/4.3.3/avr5\libgcc.a(_ne_sf.o)
                0x0000078a                __nesf2
 .text          0x000007ea       0x60 c:/winavr-20100110/bin/../lib/gcc/avr/4.3.3/avr5\libgcc.a(_gt_sf.o)
                0x000007ea                __gtsf2
 .text          0x0000084a       0x60 c:/winavr-20100110/bin/../lib/gcc/avr/4.3.3/avr5\libgcc.a(_ge_sf.o)
                0x0000084a                __gesf2
 .text          0x000008aa       0x60 c:/winavr-20100110/bin/../lib/gcc/avr/4.3.3/avr5\libgcc.a(_lt_sf.o)
                0x000008aa                __ltsf2
 .text          0x0000090a       0x60 c:/winavr-20100110/bin/../lib/gcc/avr/4.3.3/avr5\libgcc.a(_le_sf.o)
                0x0000090a                __lesf2
 .text          0x0000096a       0xa8 c:/winavr-20100110/bin/../lib/gcc/avr/4.3.3/avr5\libgcc.a(_sf_to_si.o)
                0x0000096a                __fixsfsi
 .text          0x00000a12        0x0 c:/winavr-20100110/bin/../lib/gcc/avr/4.3.3/avr5\libgcc.a(_thenan_sf.o)
 .text          0x00000a12       0xf2 c:/winavr-20100110/bin/../lib/gcc/avr/4.3.3/avr5\libgcc.a(_usi_to_sf.o)
                0x00000a12                __floatunsisf
 .text          0x00000b04        0x0 c:/winavr-20100110/bin/../lib/gcc/avr/4.3.3/avr5\libgcc.a(_prologue.o)
 .text          0x00000b04        0x0 c:/winavr-20100110/bin/../lib/gcc/avr/4.3.3/avr5\libgcc.a(_epilogue.o)
 .text          0x00000b04       0x9e c:/winavr-20100110/bin/../lib/gcc/avr/4.3.3/avr5\libgcc.a(_clzsi2.o)
                0x00000b04                __clzsi2
 .text          0x00000ba2      0x1aa c:/winavr-20100110/bin/../lib/gcc/avr/4.3.3/avr5\libgcc.a(_pack_sf.o)
                0x00000ba2                __pack_f
 .text          0x00000d4c       0xf0 c:/winavr-20100110/bin/../lib/gcc/avr/4.3.3/avr5\libgcc.a(_unpack_sf.o)
                0x00000d4c                __unpack_f
 .text          0x00000e3c       0xb2 c:/winavr-20100110/bin/../lib/gcc/avr/4.3.3/avr5\libgcc.a(_fpcmp_parts_sf.o)
                0x00000e3c                __fpcmp_parts_f
 .text          0x00000eee        0x0 c:/winavr-20100110/bin/../lib/gcc/avr/4.3.3/avr5\libgcc.a(_clz.o)
 .text          0x00000eee        0x0 c:/winavr-20100110/bin/../lib/gcc/avr/4.3.3/../../../../avr/lib/avr5\libc.a(atol.o)
 .text          0x00000eee        0x0 c:/winavr-20100110/bin/../lib/gcc/avr/4.3.3/../../../../avr/lib/avr5\libc.a(ltoa.o)
 .text          0x00000eee        0x0 c:/winavr-20100110/bin/../lib/gcc/avr/4.3.3/../../../../avr/lib/avr5\libc.a(mulsi10.o)
 .text          0x00000eee        0x0 c:/winavr-20100110/bin/../lib/gcc/avr/4.3.3/../../../../avr/lib/avr5\libc.a(strrev.o)
                0x00000eee                . = ALIGN (0x2)
 *(.text.*)
 .text.MWDT_voidTurnOn
                0x00000eee      0x1b0 ./MCAL/WDT/WDT_prog.o
                0x00000eee                MWDT_voidTurnOn
 .text.MWDT_voidTurnOff
                0x0000109e       0x1c ./MCAL/WDT/WDT_prog.o
                0x0000109e                MWDT_voidTurnOff
 .text.MUART_voidInit
                0x000010ba      0x14c ./MCAL/UART/UART_prog.o
                0x000010ba                MUART_voidInit
 .text.MUART_voidSendData
                0x00001206       0x42 ./MCAL/UART/UART_prog.o
                0x00001206                MUART_voidSendData
 .text.MUART_voidSendString
                0x00001248       0x3e ./MCAL/UART/UART_prog.o
                0x00001248                MUART_voidSendString
 .text.MUART_voidSendIntNumber
                0x00001286       0x62 ./MCAL/UART/UART_prog.o
                0x00001286                MUART_voidSendIntNumber
 .text.MUART_u8ReceiveData
                0x000012e8       0x2a ./MCAL/UART/UART_prog.o
                0x000012e8                MUART_u8ReceiveData
 .text.MUART_voidReceiveString
                0x00001312       0x9a ./MCAL/UART/UART_prog.o
                0x00001312                MUART_voidReceiveString
 .text.MUART_voidReciveIntNumber
                0x000013ac       0xde ./MCAL/UART/UART_prog.o
                0x000013ac                MUART_voidReciveIntNumber
 .text.MTimer_voidInt
                0x0000148a      0x138 ./MCAL/Timer/Timer_prog.o
                0x0000148a                MTimer_voidInt
 .text.MTimer_voidSetDisiredTime
                0x000015c2      0x270 ./MCAL/Timer/Timer_prog.o
                0x000015c2                MTimer_voidSetDisiredTime
 .text.MTimer_voidCtcCallBack
                0x00001832       0x6e ./MCAL/Timer/Timer_prog.o
                0x00001832                MTimer_voidCtcCallBack
 .text.MTimer_voidSetPWM
                0x000018a0       0x3c ./MCAL/Timer/Timer_prog.o
                0x000018a0                MTimer_voidSetPWM
 .text.MTimerCalcFreqofTon
                0x000018dc      0x1e2 ./MCAL/Timer/Timer_prog.o
                0x000018dc                MTimerCalcFreqofTon
 .text.MTimerCalcDutyCycle
                0x00001abe      0x2fc ./MCAL/Timer/Timer_prog.o
                0x00001abe                MTimerCalcDutyCycle
 .text.MTimerCalcFreqofTtotal
                0x00001dba      0x1f0 ./MCAL/Timer/Timer_prog.o
                0x00001dba                MTimerCalcFreqofTtotal
 .text.__vector_11
                0x00001faa       0xc8 ./MCAL/Timer/Timer_prog.o
                0x00001faa                __vector_11
 .text.__vector_5
                0x00002072       0xc8 ./MCAL/Timer/Timer_prog.o
                0x00002072                __vector_5
 .text.__vector_4
                0x0000213a       0xc8 ./MCAL/Timer/Timer_prog.o
                0x0000213a                __vector_4
 .text.__vector_9
                0x00002202       0xfc ./MCAL/Timer/Timer_prog.o
                0x00002202                __vector_9
 .text.__vector_7
                0x000022fe       0xc8 ./MCAL/Timer/Timer_prog.o
                0x000022fe                __vector_7
 .text.__vector_8
                0x000023c6       0xc8 ./MCAL/Timer/Timer_prog.o
                0x000023c6                __vector_8
 .text.MSPI_voidInit
                0x0000248e      0x176 ./MCAL/SPI/SPI_prog.o
                0x0000248e                MSPI_voidInit
 .text.MSPI_voidMasterTransmitChar
                0x00002604       0x3a ./MCAL/SPI/SPI_prog.o
                0x00002604                MSPI_voidMasterTransmitChar
 .text.MSPI_voidMasterTransmitString
                0x0000263e       0x3e ./MCAL/SPI/SPI_prog.o
                0x0000263e                MSPI_voidMasterTransmitString
 .text.MSPI_SlaveReceivechar
                0x0000267c       0x2a ./MCAL/SPI/SPI_prog.o
                0x0000267c                MSPI_SlaveReceivechar
 .text.MSPI_voidReceiveString
                0x000026a6       0x9a ./MCAL/SPI/SPI_prog.o
                0x000026a6                MSPI_voidReceiveString
 .text.MTWI_voidMasterInt
                0x00002740       0x88 ./MCAL/I2C/I2C_prog.o
                0x00002740                MTWI_voidMasterInt
 .text.MTWI_voidMasterSendStartCondition
                0x000027c8      0x13c ./MCAL/I2C/I2C_prog.o
                0x000027c8                MTWI_voidMasterSendStartCondition
 .text.MTWI_voidMasterSendRepetedStartCondition
                0x00002904      0x13c ./MCAL/I2C/I2C_prog.o
                0x00002904                MTWI_voidMasterSendRepetedStartCondition
 .text.MTWI_voidMasterSendAddress
                0x00002a40       0x4e ./MCAL/I2C/I2C_prog.o
                0x00002a40                MTWI_voidMasterSendAddress
 .text.MTWI_voidMasterSendAddressToRead
                0x00002a8e       0x4e ./MCAL/I2C/I2C_prog.o
                0x00002a8e                MTWI_voidMasterSendAddressToRead
 .text.MTWI_voidMasterSendData
                0x00002adc       0x4e ./MCAL/I2C/I2C_prog.o
                0x00002adc                MTWI_voidMasterSendData
 .text.MTWI_voidMasterReadData
                0x00002b2a       0x46 ./MCAL/I2C/I2C_prog.o
                0x00002b2a                MTWI_voidMasterReadData
 .text.MTWI_voidMasterReadDataWithNACK
                0x00002b70       0x46 ./MCAL/I2C/I2C_prog.o
                0x00002b70                MTWI_voidMasterReadDataWithNACK
 .text.MTWI_voidMasterSendStopCondition
                0x00002bb6       0x16 ./MCAL/I2C/I2C_prog.o
                0x00002bb6                MTWI_voidMasterSendStopCondition
 .text.MTWI_voidSlaveSetAddress
                0x00002bcc       0x1c ./MCAL/I2C/I2C_prog.o
                0x00002bcc                MTWI_voidSlaveSetAddress
 .text.MTWI_voidSlaveReadData
                0x00002be8       0x78 ./MCAL/I2C/I2C_prog.o
                0x00002be8                MTWI_voidSlaveReadData
 .text.MEXTI_voidInit
                0x00002c60       0x1c ./MCAL/EXIT_interrupt/EXT_INTERUPT_prog.o
                0x00002c60                MEXTI_voidInit
 .text.MINT0_voidSetCallback
                0x00002c7c       0x24 ./MCAL/EXIT_interrupt/EXT_INTERUPT_prog.o
                0x00002c7c                MINT0_voidSetCallback
 .text.MINT1_voidSetCallback
                0x00002ca0       0x24 ./MCAL/EXIT_interrupt/EXT_INTERUPT_prog.o
                0x00002ca0                MINT1_voidSetCallback
 .text.MINT2_voidSetCallback
                0x00002cc4       0x24 ./MCAL/EXIT_interrupt/EXT_INTERUPT_prog.o
                0x00002cc4                MINT2_voidSetCallback
 .text.__vector_1
                0x00002ce8       0x68 ./MCAL/EXIT_interrupt/EXT_INTERUPT_prog.o
                0x00002ce8                __vector_1
 .text.__vector_2
                0x00002d50       0x68 ./MCAL/EXIT_interrupt/EXT_INTERUPT_prog.o
                0x00002d50                __vector_2
 .text.__vector_3
                0x00002db8       0x68 ./MCAL/EXIT_interrupt/EXT_INTERUPT_prog.o
                0x00002db8                __vector_3
 .text.EEPROM_writeByte
                0x00002e20       0x5a ./MCAL/EEPROM/EEPROM.o
                0x00002e20                EEPROM_writeByte
 .text.EEPROM_readByte
                0x00002e7a       0x5c ./MCAL/EEPROM/EEPROM.o
                0x00002e7a                EEPROM_readByte
 .text.DIO_PinMode
                0x00002ed6      0x1fe ./MCAL/DIO2/DIO/DIO.o
                0x00002ed6                DIO_PinMode
 .text.DIO_digitalWrite
                0x000030d4      0x1fe ./MCAL/DIO2/DIO/DIO.o
                0x000030d4                DIO_digitalWrite
 .text.DIO_digitalRead
                0x000032d2      0x122 ./MCAL/DIO2/DIO/DIO.o
                0x000032d2                DIO_digitalRead
 .text.MDIO_voidSetPinDir
                0x000033f4      0x176 ./MCAL/DIO/DIO_prg.o
                0x000033f4                MDIO_voidSetPinDir
 .text.MDIO_voidSetPinVal
                0x0000356a       0xfc ./MCAL/DIO/DIO_prg.o
                0x0000356a                MDIO_voidSetPinVal
 .text.MDIO_u8GetPinVal
                0x00003666      0x156 ./MCAL/DIO/DIO_prg.o
                0x00003666                MDIO_u8GetPinVal
 .text.MDIO_voidSetPortVal
                0x000037bc       0x84 ./MCAL/DIO/DIO_prg.o
                0x000037bc                MDIO_voidSetPortVal
 .text.MDIO_voidSetPortDir
                0x00003840       0x84 ./MCAL/DIO/DIO_prg.o
                0x00003840                MDIO_voidSetPortDir
 .text.MDIO_u8GetPortVal
                0x000038c4       0x84 ./MCAL/DIO/DIO_prg.o
                0x000038c4                MDIO_u8GetPortVal
 .text.MDIO_voidClrPinVal
                0x00003948      0x106 ./MCAL/DIO/DIO_prg.o
                0x00003948                MDIO_voidClrPinVal
 .text.MDIO_voidClrPort
                0x00003a4e       0x78 ./MCAL/DIO/DIO_prg.o
                0x00003a4e                MDIO_voidClrPort
 .text.MDIO_voidTogPinVal
                0x00003ac6       0xfc ./MCAL/DIO/DIO_prg.o
                0x00003ac6                MDIO_voidTogPinVal
 .text.MDIO_voidTogPort
                0x00003bc2       0x98 ./MCAL/DIO/DIO_prg.o
                0x00003bc2                MDIO_voidTogPort
 .text.MDIO_voidWriteLowNibble
                0x00003c5a       0xe2 ./MCAL/DIO/DIO_prg.o
                0x00003c5a                MDIO_voidWriteLowNibble
 .text.MDIO_voidWriteHighNibble
                0x00003d3c       0xe4 ./MCAL/DIO/DIO_prg.o
                0x00003d3c                MDIO_voidWriteHighNibble
 .text.MDIO_voidConnectPullup
                0x00003e20       0x56 ./MCAL/DIO/DIO_prg.o
                0x00003e20                MDIO_voidConnectPullup
 .text.MADC_voidInt
                0x00003e76       0x9a ./MCAL/ADC/ADC_prog.o
                0x00003e76                MADC_voidInt
 .text.MADC_voidStartConversion
                0x00003f10      0x2da ./MCAL/ADC/ADC_prog.o
                0x00003f10                MADC_voidStartConversion
 .text.MADC_u16GetADCData
                0x000041ea       0x16 ./MCAL/ADC/ADC_prog.o
                0x000041ea                MADC_u16GetADCData
 .text.MADC_voidSetCallback
                0x00004200       0x24 ./MCAL/ADC/ADC_prog.o
                0x00004200                MADC_voidSetCallback
 .text.__vector_16
                0x00004224       0x68 ./MCAL/ADC/ADC_prog.o
                0x00004224                __vector_16
 .text.HUltrasonic_voidInt
                0x0000428c       0x18 ./HAL/Ultrasonic_Sensor/Ultrasonic_prog.o
                0x0000428c                HUltrasonic_voidInt
 .text.HUltrasonic_u16CalcDistance
                0x000042a4      0x1f2 ./HAL/Ultrasonic_Sensor/Ultrasonic_prog.o
                0x000042a4                HUltrasonic_u16CalcDistance
 .text.HTempSensor_voidInt
                0x00004496       0x12 ./HAL/Temp_sensor/TempSensor_prog.o
                0x00004496                HTempSensor_voidInt
 .text.HTempSensor_u16ReadTemp
                0x000044a8       0x58 ./HAL/Temp_sensor/TempSensor_prog.o
                0x000044a8                HTempSensor_u16ReadTemp
 .text.HSevo_voidMoveTO
                0x00004500      0x1e2 ./HAL/Servo_motor/Servo_prog.o
                0x00004500                HSevo_voidMoveTO
 .text.HSSD_voidSsdInitial
                0x000046e2       0x60 ./HAL/SSD/SSD_prog.o
                0x000046e2                HSSD_voidSsdInitial
 .text.HSSD_voidSsdWrite
                0x00004742       0xd4 ./HAL/SSD/SSD_prog.o
                0x00004742                HSSD_voidSsdWrite
 .text.HSSD_voidSsdOff
                0x00004816       0x4c ./HAL/SSD/SSD_prog.o
                0x00004816                HSSD_voidSsdOff
 .text.HPushBotton_voidPbIint
                0x00004862       0x82 ./HAL/Push_button/Pb_prog.o
                0x00004862                HPushBotton_voidPbIint
 .text.HPushBotton_u8PbStatus
                0x000048e4      0x448 ./HAL/Push_button/Pb_prog.o
                0x000048e4                HPushBotton_u8PbStatus
 .text.HLightingSensor_voidInt
                0x00004d2c       0x12 ./HAL/Lighting_sensor/LightingSensor_prog.o
                0x00004d2c                HLightingSensor_voidInt
 .text.HLightingSensor_f32MeasureVout
                0x00004d3e       0x5e ./HAL/Lighting_sensor/LightingSensor_prog.o
                0x00004d3e                HLightingSensor_f32MeasureVout
 .text.HLED_voidLedInitial
                0x00004d9c       0xe0 ./HAL/LED/LED_prog.o
                0x00004d9c                HLED_voidLedInitial
 .text.HLED_voidLedOn
                0x00004e7c       0xd0 ./HAL/LED/LED_prog.o
                0x00004e7c                HLED_voidLedOn
 .text.HLED_voidLedOff
                0x00004f4c       0xd0 ./HAL/LED/LED_prog.o
                0x00004f4c                HLED_voidLedOff
 .text.HLED_voidLedToggle
                0x0000501c       0xd0 ./HAL/LED/LED_prog.o
                0x0000501c                HLED_voidLedToggle
 .text.HLCD_voidSendCmd
                0x000050ec      0x538 ./HAL/LCD/LCD_private.o
                0x000050ec                HLCD_voidSendCmd
 .text.HLCD_voidInit
                0x00005624      0x696 ./HAL/LCD/LCD_prog.o
                0x00005624                HLCD_voidInit
 .text.HLCD_voidSendData
                0x00005cba      0x538 ./HAL/LCD/LCD_prog.o
                0x00005cba                HLCD_voidSendData
 .text.HLCD_voidDispStr
                0x000061f2       0x52 ./HAL/LCD/LCD_prog.o
                0x000061f2                HLCD_voidDispStr
 .text.HLCD_voidDispIntNum
                0x00006244       0xa0 ./HAL/LCD/LCD_prog.o
                0x00006244                HLCD_voidDispIntNum
 .text.HLCD_voidDispFloatNum
                0x000062e4       0xfc ./HAL/LCD/LCD_prog.o
                0x000062e4                HLCD_voidDispFloatNum
 .text.HLCD_voidMovCursor
                0x000063e0       0x54 ./HAL/LCD/LCD_prog.o
                0x000063e0                HLCD_voidMovCursor
 .text.HLCD_voidClrScreen
                0x00006434       0x14 ./HAL/LCD/LCD_prog.o
                0x00006434                HLCD_voidClrScreen
 .text.HLCD_voidShiftDisplayRight
                0x00006448       0x14 ./HAL/LCD/LCD_prog.o
                0x00006448                HLCD_voidShiftDisplayRight
 .text.HLCD_voidShiftDisplayLeft
                0x0000645c       0x14 ./HAL/LCD/LCD_prog.o
                0x0000645c                HLCD_voidShiftDisplayLeft
 .text.HLCD_voidDispSpecialChar
                0x00006470       0x76 ./HAL/LCD/LCD_prog.o
                0x00006470                HLCD_voidDispSpecialChar
 .text.HKP_voidKpInt
                0x000064e6       0x26 ./HAL/KEY_PAD/KP_prog.o
                0x000064e6                HKP_voidKpInt
 .text.HKP_u8GetPressedKey
                0x0000650c      0x18e ./HAL/KEY_PAD/KP_prog.o
                0x0000650c                HKP_u8GetPressedKey
 .text.HEEPROM_voidInit
                0x0000669a       0x32 ./HAL/EXT_EEPROM/EEPROM_prog.o
                0x0000669a                HEEPROM_voidInit
 .text.HEEPROM_voidWriteByte
                0x000066cc       0x48 ./HAL/EXT_EEPROM/EEPROM_prog.o
                0x000066cc                HEEPROM_voidWriteByte
 .text.HEEPROM_u8ReadByte
                0x00006714       0x60 ./HAL/EXT_EEPROM/EEPROM_prog.o
                0x00006714                HEEPROM_u8ReadByte
 .text.HDC_voidInt
                0x00006774       0x22 ./HAL/DC_Motor/DCMotor_prog.o
                0x00006774                HDC_voidInt
 .text.HDC_voidRoCw
                0x00006796       0x1e ./HAL/DC_Motor/DCMotor_prog.o
                0x00006796                HDC_voidRoCw
 .text.HDC_voidRoCcw
                0x000067b4       0x1e ./HAL/DC_Motor/DCMotor_prog.o
                0x000067b4                HDC_voidRoCcw
 .text.HDC_voidStop
                0x000067d2       0x1e ./HAL/DC_Motor/DCMotor_prog.o
                0x000067d2                HDC_voidStop
 .text.HBUZZER_voidBUZZERInitial
                0x000067f0       0x18 ./HAL/Buzzer/BUZZER_prog.o
                0x000067f0                HBUZZER_voidBUZZERInitial
 .text.HBUZZER_voidBUZZEROn
                0x00006808       0x16 ./HAL/Buzzer/BUZZER_prog.o
                0x00006808                HBUZZER_voidBUZZEROn
 .text.HBUZZER_voidBUZZEROff
                0x0000681e       0x16 ./HAL/Buzzer/BUZZER_prog.o
                0x0000681e                HBUZZER_voidBUZZEROff
 .text.HBUZZER_voidBUZZERToggle
                0x00006834       0x16 ./HAL/Buzzer/BUZZER_prog.o
                0x00006834                HBUZZER_voidBUZZERToggle
 .text.main     0x0000684a      0x44c ./main.o
                0x0000684a                main
 .text.libgcc   0x00006c96       0x3e c:/winavr-20100110/bin/../lib/gcc/avr/4.3.3/avr5\libgcc.a(_mulsi3.o)
                0x00006c96                __mulsi3
 .text.libgcc   0x00006cd4       0x18 c:/winavr-20100110/bin/../lib/gcc/avr/4.3.3/avr5\libgcc.a(_udivmodqi4.o)
                0x00006cd4                __udivmodqi4
 .text.libgcc   0x00006cec       0x28 c:/winavr-20100110/bin/../lib/gcc/avr/4.3.3/avr5\libgcc.a(_udivmodhi4.o)
                0x00006cec                __udivmodhi4
 .text.libgcc   0x00006d14       0x44 c:/winavr-20100110/bin/../lib/gcc/avr/4.3.3/avr5\libgcc.a(_udivmodsi4.o)
                0x00006d14                __udivmodsi4
 .text.libgcc   0x00006d58        0x0 c:/winavr-20100110/bin/../lib/gcc/avr/4.3.3/avr5\libgcc.a(_exit.o)
 .text.libgcc   0x00006d58        0x0 c:/winavr-20100110/bin/../lib/gcc/avr/4.3.3/avr5\libgcc.a(_copy_data.o)
 .text.libgcc   0x00006d58        0x0 c:/winavr-20100110/bin/../lib/gcc/avr/4.3.3/avr5\libgcc.a(_clear_bss.o)
 .text.libgcc   0x00006d58       0x38 c:/winavr-20100110/bin/../lib/gcc/avr/4.3.3/avr5\libgcc.a(_prologue.o)
                0x00006d58                __prologue_saves__
 .text.libgcc   0x00006d90       0x36 c:/winavr-20100110/bin/../lib/gcc/avr/4.3.3/avr5\libgcc.a(_epilogue.o)
                0x00006d90                __epilogue_restores__
 .text.avr-libc
                0x00006dc6       0x4e c:/winavr-20100110/bin/../lib/gcc/avr/4.3.3/../../../../avr/lib/avr5\libc.a(atol.o)
                0x00006dc6                atol
 .text.avr-libc
                0x00006e14       0x68 c:/winavr-20100110/bin/../lib/gcc/avr/4.3.3/../../../../avr/lib/avr5\libc.a(ltoa.o)
                0x00006e14                ltoa
 .text.avr-libc
                0x00006e7c       0x2a c:/winavr-20100110/bin/../lib/gcc/avr/4.3.3/../../../../avr/lib/avr5\libc.a(mulsi10.o)
                0x00006e7c                __mulsi_const_10
 .text.avr-libc
                0x00006ea6       0x20 c:/winavr-20100110/bin/../lib/gcc/avr/4.3.3/../../../../avr/lib/avr5\libc.a(strrev.o)
                0x00006ea6                strrev
                0x00006ec6                . = ALIGN (0x2)
 *(.fini9)
 .fini9         0x00006ec6        0x0 c:/winavr-20100110/bin/../lib/gcc/avr/4.3.3/avr5\libgcc.a(_exit.o)
                0x00006ec6                exit
                0x00006ec6                _exit
 *(.fini9)
 *(.fini8)
 *(.fini8)
 *(.fini7)
 *(.fini7)
 *(.fini6)
 *(.fini6)
 *(.fini5)
 *(.fini5)
 *(.fini4)
 *(.fini4)
 *(.fini3)
 *(.fini3)
 *(.fini2)
 *(.fini2)
 *(.fini1)
 *(.fini1)
 *(.fini0)
 .fini0         0x00006ec6        0x4 c:/winavr-20100110/bin/../lib/gcc/avr/4.3.3/avr5\libgcc.a(_exit.o)
 *(.fini0)
                0x00006eca                _etext = .

.data           0x00800060      0x134 load address 0x00006eca
                0x00800060                PROVIDE (__data_start, .)
 *(.data)
 .data          0x00800060        0x0 c:/winavr-20100110/bin/../lib/gcc/avr/4.3.3/../../../../avr/lib/avr5/crtm32.o
 .data          0x00800060        0x0 ./MCAL/WDT/WDT_prog.o
 .data          0x00800060        0x0 ./MCAL/UART/UART_prog.o
 .data          0x00800060        0x0 ./MCAL/Timer/Timer_prog.o
 .data          0x00800060        0x0 ./MCAL/SPI/SPI_prog.o
 .data          0x00800060        0x0 ./MCAL/I2C/I2C_prog.o
 .data          0x00800060        0x0 ./MCAL/EXIT_interrupt/EXT_INTERUPT_prog.o
 .data          0x00800060        0x0 ./MCAL/EEPROM/EEPROM.o
 .data          0x00800060        0x0 ./MCAL/DIO2/DIO/DIO.o
 .data          0x00800060        0x0 ./MCAL/DIO/DIO_prg.o
 .data          0x00800060        0x0 ./MCAL/ADC/ADC_prog.o
 .data          0x00800060        0x0 ./HAL/Ultrasonic_Sensor/Ultrasonic_prog.o
 .data          0x00800060        0x0 ./HAL/Temp_sensor/TempSensor_prog.o
 .data          0x00800060        0x0 ./HAL/Servo_motor/Servo_prog.o
 .data          0x00800060        0x0 ./HAL/SSD/SSD_prog.o
 .data          0x00800060        0x0 ./HAL/Push_button/Pb_prog.o
 .data          0x00800060        0x0 ./HAL/Lighting_sensor/LightingSensor_prog.o
 .data          0x00800060        0x0 ./HAL/LED/LED_prog.o
 .data          0x00800060        0x0 ./HAL/LCD/LCD_private.o
 .data          0x00800060        0xe ./HAL/LCD/LCD_prog.o
 .data          0x0080006e        0x0 ./HAL/KEY_PAD/KP_prog.o
 .data          0x0080006e        0x0 ./HAL/EXT_EEPROM/EEPROM_prog.o
 .data          0x0080006e        0x0 ./HAL/DC_Motor/DCMotor_prog.o
 .data          0x0080006e        0x0 ./HAL/Buzzer/BUZZER_prog.o
 .data          0x0080006e        0x0 ./main.o
 .data          0x0080006e        0x0 c:/winavr-20100110/bin/../lib/gcc/avr/4.3.3/avr5\libgcc.a(_mulsi3.o)
 .data          0x0080006e        0x0 c:/winavr-20100110/bin/../lib/gcc/avr/4.3.3/avr5\libgcc.a(_udivmodqi4.o)
 .data          0x0080006e        0x0 c:/winavr-20100110/bin/../lib/gcc/avr/4.3.3/avr5\libgcc.a(_udivmodhi4.o)
 .data          0x0080006e        0x0 c:/winavr-20100110/bin/../lib/gcc/avr/4.3.3/avr5\libgcc.a(_udivmodsi4.o)
 .data          0x0080006e        0x0 c:/winavr-20100110/bin/../lib/gcc/avr/4.3.3/avr5\libgcc.a(_exit.o)
 .data          0x0080006e        0x0 c:/winavr-20100110/bin/../lib/gcc/avr/4.3.3/avr5\libgcc.a(_copy_data.o)
 .data          0x0080006e        0x0 c:/winavr-20100110/bin/../lib/gcc/avr/4.3.3/avr5\libgcc.a(_clear_bss.o)
 .data          0x0080006e        0x0 c:/winavr-20100110/bin/../lib/gcc/avr/4.3.3/avr5\libgcc.a(_fixunssfsi.o)
 .data          0x0080006e        0x0 c:/winavr-20100110/bin/../lib/gcc/avr/4.3.3/avr5\libgcc.a(_addsub_sf.o)
 .data          0x0080006e        0x0 c:/winavr-20100110/bin/../lib/gcc/avr/4.3.3/avr5\libgcc.a(_mul_sf.o)
 .data          0x0080006e        0x0 c:/winavr-20100110/bin/../lib/gcc/avr/4.3.3/avr5\libgcc.a(_div_sf.o)
 .data          0x0080006e        0x0 c:/winavr-20100110/bin/../lib/gcc/avr/4.3.3/avr5\libgcc.a(_ne_sf.o)
 .data          0x0080006e        0x0 c:/winavr-20100110/bin/../lib/gcc/avr/4.3.3/avr5\libgcc.a(_gt_sf.o)
 .data          0x0080006e        0x0 c:/winavr-20100110/bin/../lib/gcc/avr/4.3.3/avr5\libgcc.a(_ge_sf.o)
 .data          0x0080006e        0x0 c:/winavr-20100110/bin/../lib/gcc/avr/4.3.3/avr5\libgcc.a(_lt_sf.o)
 .data          0x0080006e        0x0 c:/winavr-20100110/bin/../lib/gcc/avr/4.3.3/avr5\libgcc.a(_le_sf.o)
 .data          0x0080006e        0x0 c:/winavr-20100110/bin/../lib/gcc/avr/4.3.3/avr5\libgcc.a(_sf_to_si.o)
 .data          0x0080006e        0x8 c:/winavr-20100110/bin/../lib/gcc/avr/4.3.3/avr5\libgcc.a(_thenan_sf.o)
                0x0080006e                __thenan_sf
 .data          0x00800076        0x0 c:/winavr-20100110/bin/../lib/gcc/avr/4.3.3/avr5\libgcc.a(_usi_to_sf.o)
 .data          0x00800076        0x0 c:/winavr-20100110/bin/../lib/gcc/avr/4.3.3/avr5\libgcc.a(_prologue.o)
 .data          0x00800076        0x0 c:/winavr-20100110/bin/../lib/gcc/avr/4.3.3/avr5\libgcc.a(_epilogue.o)
 .data          0x00800076        0x0 c:/winavr-20100110/bin/../lib/gcc/avr/4.3.3/avr5\libgcc.a(_clzsi2.o)
 .data          0x00800076        0x0 c:/winavr-20100110/bin/../lib/gcc/avr/4.3.3/avr5\libgcc.a(_pack_sf.o)
 .data          0x00800076        0x0 c:/winavr-20100110/bin/../lib/gcc/avr/4.3.3/avr5\libgcc.a(_unpack_sf.o)
 .data          0x00800076        0x0 c:/winavr-20100110/bin/../lib/gcc/avr/4.3.3/avr5\libgcc.a(_fpcmp_parts_sf.o)
 .data          0x00800076      0x100 c:/winavr-20100110/bin/../lib/gcc/avr/4.3.3/avr5\libgcc.a(_clz.o)
                0x00800076                __clz_tab
 .data          0x00800176        0x0 c:/winavr-20100110/bin/../lib/gcc/avr/4.3.3/../../../../avr/lib/avr5\libc.a(atol.o)
 .data          0x00800176        0x0 c:/winavr-20100110/bin/../lib/gcc/avr/4.3.3/../../../../avr/lib/avr5\libc.a(ltoa.o)
 .data          0x00800176        0x0 c:/winavr-20100110/bin/../lib/gcc/avr/4.3.3/../../../../avr/lib/avr5\libc.a(mulsi10.o)
 .data          0x00800176        0x0 c:/winavr-20100110/bin/../lib/gcc/avr/4.3.3/../../../../avr/lib/avr5\libc.a(strrev.o)
 *(.data*)
 .data.R_u8SsdData
                0x00800176        0xa ./HAL/SSD/SSD_prog.o
 .data.password
                0x00800180        0x4 ./main.o
                0x00800180                password
 *(.rodata)
 *(.rodata*)
 .rodata.G_u8SwitchVal
                0x00800184       0x10 ./HAL/KEY_PAD/KP_prog.o
 *(.gnu.linkonce.d*)
                0x00800194                . = ALIGN (0x2)
                0x00800194                _edata = .
                0x00800194                PROVIDE (__data_end, .)

.bss            0x00800194       0x99
                0x00800194                PROVIDE (__bss_start, .)
 *(.bss)
 .bss           0x00800194        0x0 c:/winavr-20100110/bin/../lib/gcc/avr/4.3.3/../../../../avr/lib/avr5/crtm32.o
 .bss           0x00800194        0x0 ./MCAL/WDT/WDT_prog.o
 .bss           0x00800194        0x0 ./MCAL/UART/UART_prog.o
 .bss           0x00800194        0x0 ./MCAL/Timer/Timer_prog.o
 .bss           0x00800194        0x0 ./MCAL/SPI/SPI_prog.o
 .bss           0x00800194        0x0 ./MCAL/I2C/I2C_prog.o
 .bss           0x00800194        0x0 ./MCAL/EXIT_interrupt/EXT_INTERUPT_prog.o
 .bss           0x00800194        0x0 ./MCAL/EEPROM/EEPROM.o
 .bss           0x00800194        0x0 ./MCAL/DIO2/DIO/DIO.o
 .bss           0x00800194        0x0 ./MCAL/DIO/DIO_prg.o
 .bss           0x00800194        0x0 ./MCAL/ADC/ADC_prog.o
 .bss           0x00800194        0x0 ./HAL/Ultrasonic_Sensor/Ultrasonic_prog.o
 .bss           0x00800194        0x0 ./HAL/Temp_sensor/TempSensor_prog.o
 .bss           0x00800194        0x0 ./HAL/Servo_motor/Servo_prog.o
 .bss           0x00800194        0x0 ./HAL/SSD/SSD_prog.o
 .bss           0x00800194        0x0 ./HAL/Push_button/Pb_prog.o
 .bss           0x00800194        0x0 ./HAL/Lighting_sensor/LightingSensor_prog.o
 .bss           0x00800194        0x0 ./HAL/LED/LED_prog.o
 .bss           0x00800194        0x0 ./HAL/LCD/LCD_private.o
 .bss           0x00800194        0x0 ./HAL/LCD/LCD_prog.o
 .bss           0x00800194        0x0 ./HAL/KEY_PAD/KP_prog.o
 .bss           0x00800194        0x0 ./HAL/EXT_EEPROM/EEPROM_prog.o
 .bss           0x00800194        0x0 ./HAL/DC_Motor/DCMotor_prog.o
 .bss           0x00800194        0x0 ./HAL/Buzzer/BUZZER_prog.o
 .bss           0x00800194        0x0 ./main.o
 .bss           0x00800194        0x0 c:/winavr-20100110/bin/../lib/gcc/avr/4.3.3/avr5\libgcc.a(_mulsi3.o)
 .bss           0x00800194        0x0 c:/winavr-20100110/bin/../lib/gcc/avr/4.3.3/avr5\libgcc.a(_udivmodqi4.o)
 .bss           0x00800194        0x0 c:/winavr-20100110/bin/../lib/gcc/avr/4.3.3/avr5\libgcc.a(_udivmodhi4.o)
 .bss           0x00800194        0x0 c:/winavr-20100110/bin/../lib/gcc/avr/4.3.3/avr5\libgcc.a(_udivmodsi4.o)
 .bss           0x00800194        0x0 c:/winavr-20100110/bin/../lib/gcc/avr/4.3.3/avr5\libgcc.a(_exit.o)
 .bss           0x00800194        0x0 c:/winavr-20100110/bin/../lib/gcc/avr/4.3.3/avr5\libgcc.a(_copy_data.o)
 .bss           0x00800194        0x0 c:/winavr-20100110/bin/../lib/gcc/avr/4.3.3/avr5\libgcc.a(_clear_bss.o)
 .bss           0x00800194        0x0 c:/winavr-20100110/bin/../lib/gcc/avr/4.3.3/avr5\libgcc.a(_fixunssfsi.o)
 .bss           0x00800194        0x0 c:/winavr-20100110/bin/../lib/gcc/avr/4.3.3/avr5\libgcc.a(_addsub_sf.o)
 .bss           0x00800194        0x0 c:/winavr-20100110/bin/../lib/gcc/avr/4.3.3/avr5\libgcc.a(_mul_sf.o)
 .bss           0x00800194        0x0 c:/winavr-20100110/bin/../lib/gcc/avr/4.3.3/avr5\libgcc.a(_div_sf.o)
 .bss           0x00800194        0x0 c:/winavr-20100110/bin/../lib/gcc/avr/4.3.3/avr5\libgcc.a(_ne_sf.o)
 .bss           0x00800194        0x0 c:/winavr-20100110/bin/../lib/gcc/avr/4.3.3/avr5\libgcc.a(_gt_sf.o)
 .bss           0x00800194        0x0 c:/winavr-20100110/bin/../lib/gcc/avr/4.3.3/avr5\libgcc.a(_ge_sf.o)
 .bss           0x00800194        0x0 c:/winavr-20100110/bin/../lib/gcc/avr/4.3.3/avr5\libgcc.a(_lt_sf.o)
 .bss           0x00800194        0x0 c:/winavr-20100110/bin/../lib/gcc/avr/4.3.3/avr5\libgcc.a(_le_sf.o)
 .bss           0x00800194        0x0 c:/winavr-20100110/bin/../lib/gcc/avr/4.3.3/avr5\libgcc.a(_sf_to_si.o)
 .bss           0x00800194        0x0 c:/winavr-20100110/bin/../lib/gcc/avr/4.3.3/avr5\libgcc.a(_thenan_sf.o)
 .bss           0x00800194        0x0 c:/winavr-20100110/bin/../lib/gcc/avr/4.3.3/avr5\libgcc.a(_usi_to_sf.o)
 .bss           0x00800194        0x0 c:/winavr-20100110/bin/../lib/gcc/avr/4.3.3/avr5\libgcc.a(_prologue.o)
 .bss           0x00800194        0x0 c:/winavr-20100110/bin/../lib/gcc/avr/4.3.3/avr5\libgcc.a(_epilogue.o)
 .bss           0x00800194        0x0 c:/winavr-20100110/bin/../lib/gcc/avr/4.3.3/avr5\libgcc.a(_clzsi2.o)
 .bss           0x00800194        0x0 c:/winavr-20100110/bin/../lib/gcc/avr/4.3.3/avr5\libgcc.a(_pack_sf.o)
 .bss           0x00800194        0x0 c:/winavr-20100110/bin/../lib/gcc/avr/4.3.3/avr5\libgcc.a(_unpack_sf.o)
 .bss           0x00800194        0x0 c:/winavr-20100110/bin/../lib/gcc/avr/4.3.3/avr5\libgcc.a(_fpcmp_parts_sf.o)
 .bss           0x00800194        0x0 c:/winavr-20100110/bin/../lib/gcc/avr/4.3.3/avr5\libgcc.a(_clz.o)
 .bss           0x00800194        0x0 c:/winavr-20100110/bin/../lib/gcc/avr/4.3.3/../../../../avr/lib/avr5\libc.a(atol.o)
 .bss           0x00800194        0x0 c:/winavr-20100110/bin/../lib/gcc/avr/4.3.3/../../../../avr/lib/avr5\libc.a(ltoa.o)
 .bss           0x00800194        0x0 c:/winavr-20100110/bin/../lib/gcc/avr/4.3.3/../../../../avr/lib/avr5\libc.a(mulsi10.o)
 .bss           0x00800194        0x0 c:/winavr-20100110/bin/../lib/gcc/avr/4.3.3/../../../../avr/lib/avr5\libc.a(strrev.o)
 *(.bss*)
 .bss.G_u32Timer0IntervalCount
                0x00800194        0x4 ./MCAL/Timer/Timer_prog.o
                0x00800194                G_u32Timer0IntervalCount
 .bss.G_u32Timer0IntervalCtcCount
                0x00800198        0x4 ./MCAL/Timer/Timer_prog.o
                0x00800198                G_u32Timer0IntervalCtcCount
 .bss.G_u32Timer2IntervalCount
                0x0080019c        0x4 ./MCAL/Timer/Timer_prog.o
                0x0080019c                G_u32Timer2IntervalCount
 .bss.G_u32Timer2IntervalCtcCount
                0x008001a0        0x4 ./MCAL/Timer/Timer_prog.o
                0x008001a0                G_u32Timer2IntervalCtcCount
 .bss.G_u32Timer1IntervalCtcACount
                0x008001a4        0x4 ./MCAL/Timer/Timer_prog.o
                0x008001a4                G_u32Timer1IntervalCtcACount
 .bss.G_u32Timer1IntervalCtcBCount
                0x008001a8        0x4 ./MCAL/Timer/Timer_prog.o
                0x008001a8                G_u32Timer1IntervalCtcBCount
 .bss.G_u32Timer1IntervalCount
                0x008001ac        0x4 ./MCAL/Timer/Timer_prog.o
                0x008001ac                G_u32Timer1IntervalCount
 .bss.G_u32OverFlowCounts
                0x008001b0        0x4 ./MCAL/Timer/Timer_prog.o
                0x008001b0                G_u32OverFlowCounts
 .bss.G_u32CountsForFirstRising
                0x008001b4        0x4 ./MCAL/Timer/Timer_prog.o
 .bss.G_u32CountsForFirstFaling
                0x008001b8        0x4 ./MCAL/Timer/Timer_prog.o
 .bss.G_u32CountsForSecondRising
                0x008001bc        0x4 ./MCAL/Timer/Timer_prog.o
 .bss.G_u32FrequancyOfTimeOn
                0x008001c0        0x4 ./MCAL/Timer/Timer_prog.o
 .bss.G_u32FrequancyOfTimeTotal
                0x008001c4        0x4 ./MCAL/Timer/Timer_prog.o
 .bss.LS_u32Counter.1606
                0x008001c8        0x4 ./MCAL/Timer/Timer_prog.o
 .bss.LS_u32Counter.1622
                0x008001cc        0x4 ./MCAL/Timer/Timer_prog.o
 .bss.LS_u32Counter.1638
                0x008001d0        0x4 ./MCAL/Timer/Timer_prog.o
 .bss.LS_u32Counter.1654
                0x008001d4        0x4 ./MCAL/Timer/Timer_prog.o
 .bss.LS_u32Counter.1676
                0x008001d8        0x4 ./MCAL/Timer/Timer_prog.o
 .bss.LS_u32Counter.1692
                0x008001dc        0x4 ./MCAL/Timer/Timer_prog.o
 .bss.Timer0_Overflow_CallBack
                0x008001e0        0x2 ./MCAL/Timer/Timer_prog.o
 .bss.Timer1_Overflow_CallBack
                0x008001e2        0x2 ./MCAL/Timer/Timer_prog.o
 .bss.Timer2_Overflow_CallBack
                0x008001e4        0x2 ./MCAL/Timer/Timer_prog.o
 .bss.Timer0_CTC_CallBack
                0x008001e6        0x2 ./MCAL/Timer/Timer_prog.o
 .bss.Timer2_CTC_CallBack
                0x008001e8        0x2 ./MCAL/Timer/Timer_prog.o
 .bss.Timer1_CTC_A_CallBack
                0x008001ea        0x2 ./MCAL/Timer/Timer_prog.o
 .bss.Timer1_CTC_B_CallBack
                0x008001ec        0x2 ./MCAL/Timer/Timer_prog.o
 .bss.INT0_CallBack
                0x008001ee        0x2 ./MCAL/EXIT_interrupt/EXT_INTERUPT_prog.o
 .bss.INT1_CallBack
                0x008001f0        0x2 ./MCAL/EXIT_interrupt/EXT_INTERUPT_prog.o
 .bss.INT2_CallBack
                0x008001f2        0x2 ./MCAL/EXIT_interrupt/EXT_INTERUPT_prog.o
 .bss.i         0x008001f4        0x1 ./main.o
                0x008001f4                i
 .bss.flag1     0x008001f5        0x1 ./main.o
                0x008001f5                flag1
 .bss.flag2     0x008001f6        0x1 ./main.o
                0x008001f6                flag2
 .bss.flag3     0x008001f7        0x1 ./main.o
                0x008001f7                flag3
 *(COMMON)
 COMMON         0x008001f8        0x2 ./MCAL/ADC/ADC_prog.o
                0x008001f8                ADC_Callback
 COMMON         0x008001fa       0x33 ./main.o
                0x008001fa                key
                0x008001fb                User_Password
                0x0080022d                PROVIDE (__bss_end, .)
                0x00006eca                __data_load_start = LOADADDR (.data)
                0x00006ffe                __data_load_end = (__data_load_start + SIZEOF (.data))

.noinit         0x0080022d        0x0
                0x0080022d                PROVIDE (__noinit_start, .)
 *(.noinit*)
                0x0080022d                PROVIDE (__noinit_end, .)
                0x0080022d                _end = .
                0x0080022d                PROVIDE (__heap_start, .)

.eeprom         0x00810000        0x0
 *(.eeprom*)
                0x00810000                __eeprom_end = .

.fuse
 *(.fuse)
 *(.lfuse)
 *(.hfuse)
 *(.efuse)

.lock
 *(.lock*)

.signature
 *(.signature*)

.stab           0x00000000     0x73c8
 *(.stab)
 .stab          0x00000000      0x354 ./MCAL/WDT/WDT_prog.o
 .stab          0x00000354      0x750 ./MCAL/UART/UART_prog.o
                                0x75c (size before relaxing)
 .stab          0x00000aa4      0xcd8 ./MCAL/Timer/Timer_prog.o
                                0xce4 (size before relaxing)
 .stab          0x0000177c      0x438 ./MCAL/SPI/SPI_prog.o
                                0x5d0 (size before relaxing)
 .stab          0x00001bb4      0x678 ./MCAL/I2C/I2C_prog.o
                                0x810 (size before relaxing)
 .stab          0x0000222c      0x30c ./MCAL/EXIT_interrupt/EXT_INTERUPT_prog.o
                                0x318 (size before relaxing)
 .stab          0x00002538      0x270 ./MCAL/EEPROM/EEPROM.o
                                0x27c (size before relaxing)
 .stab          0x000027a8      0x4d4 ./MCAL/DIO2/DIO/DIO.o
                                0x4e0 (size before relaxing)
 .stab          0x00002c7c      0x81c ./MCAL/DIO/DIO_prg.o
                                0x828 (size before relaxing)
 .stab          0x00003498      0x4c8 ./MCAL/ADC/ADC_prog.o
                                0x4d4 (size before relaxing)
 .stab          0x00003960      0x378 ./HAL/Ultrasonic_Sensor/Ultrasonic_prog.o
                                0x510 (size before relaxing)
 .stab          0x00003cd8      0x1ec ./HAL/Temp_sensor/TempSensor_prog.o
                                0x1f8 (size before relaxing)
 .stab          0x00003ec4      0x264 ./HAL/Servo_motor/Servo_prog.o
                                0x270 (size before relaxing)
 .stab          0x00004128      0x2dc ./HAL/SSD/SSD_prog.o
                                0x2e8 (size before relaxing)
 .stab          0x00004404      0x5ac ./HAL/Push_button/Pb_prog.o
                                0x744 (size before relaxing)
 .stab          0x000049b0      0x1ec ./HAL/Lighting_sensor/LightingSensor_prog.o
                                0x1f8 (size before relaxing)
 .stab          0x00004b9c      0x3c0 ./HAL/LED/LED_prog.o
                                0x3cc (size before relaxing)
 .stab          0x00004f5c      0x594 ./HAL/LCD/LCD_private.o
                                0x72c (size before relaxing)
 .stab          0x000054f0      0xe28 ./HAL/LCD/LCD_prog.o
                               0x1080 (size before relaxing)
 .stab          0x00006318      0x378 ./HAL/KEY_PAD/KP_prog.o
                                0x510 (size before relaxing)
 .stab          0x00006690      0x30c ./HAL/EXT_EEPROM/EEPROM_prog.o
                                0x318 (size before relaxing)
 .stab          0x0000699c      0x240 ./HAL/DC_Motor/DCMotor_prog.o
                                0x24c (size before relaxing)
 .stab          0x00006bdc      0x210 ./HAL/Buzzer/BUZZER_prog.o
                                0x21c (size before relaxing)
 .stab          0x00006dec      0x5dc ./main.o
                                0x864 (size before relaxing)

.stabstr        0x00000000     0x24b5
 *(.stabstr)
 .stabstr       0x00000000     0x24b5 ./MCAL/WDT/WDT_prog.o

.stab.excl
 *(.stab.excl)

.stab.exclstr
 *(.stab.exclstr)

.stab.index
 *(.stab.index)

.stab.indexstr
 *(.stab.indexstr)

.comment
 *(.comment)

.debug
 *(.debug)

.line
 *(.line)

.debug_srcinfo
 *(.debug_srcinfo)

.debug_sfnames
 *(.debug_sfnames)

.debug_aranges  0x00000000      0x1e0
 *(.debug_aranges)
 .debug_aranges
                0x00000000       0x20 c:/winavr-20100110/bin/../lib/gcc/avr/4.3.3/avr5\libgcc.a(_fixunssfsi.o)
 .debug_aranges
                0x00000020       0x20 c:/winavr-20100110/bin/../lib/gcc/avr/4.3.3/avr5\libgcc.a(_addsub_sf.o)
 .debug_aranges
                0x00000040       0x20 c:/winavr-20100110/bin/../lib/gcc/avr/4.3.3/avr5\libgcc.a(_mul_sf.o)
 .debug_aranges
                0x00000060       0x20 c:/winavr-20100110/bin/../lib/gcc/avr/4.3.3/avr5\libgcc.a(_div_sf.o)
 .debug_aranges
                0x00000080       0x20 c:/winavr-20100110/bin/../lib/gcc/avr/4.3.3/avr5\libgcc.a(_ne_sf.o)
 .debug_aranges
                0x000000a0       0x20 c:/winavr-20100110/bin/../lib/gcc/avr/4.3.3/avr5\libgcc.a(_gt_sf.o)
 .debug_aranges
                0x000000c0       0x20 c:/winavr-20100110/bin/../lib/gcc/avr/4.3.3/avr5\libgcc.a(_ge_sf.o)
 .debug_aranges
                0x000000e0       0x20 c:/winavr-20100110/bin/../lib/gcc/avr/4.3.3/avr5\libgcc.a(_lt_sf.o)
 .debug_aranges
                0x00000100       0x20 c:/winavr-20100110/bin/../lib/gcc/avr/4.3.3/avr5\libgcc.a(_le_sf.o)
 .debug_aranges
                0x00000120       0x20 c:/winavr-20100110/bin/../lib/gcc/avr/4.3.3/avr5\libgcc.a(_sf_to_si.o)
 .debug_aranges
                0x00000140       0x20 c:/winavr-20100110/bin/../lib/gcc/avr/4.3.3/avr5\libgcc.a(_usi_to_sf.o)
 .debug_aranges
                0x00000160       0x20 c:/winavr-20100110/bin/../lib/gcc/avr/4.3.3/avr5\libgcc.a(_clzsi2.o)
 .debug_aranges
                0x00000180       0x20 c:/winavr-20100110/bin/../lib/gcc/avr/4.3.3/avr5\libgcc.a(_pack_sf.o)
 .debug_aranges
                0x000001a0       0x20 c:/winavr-20100110/bin/../lib/gcc/avr/4.3.3/avr5\libgcc.a(_unpack_sf.o)
 .debug_aranges
                0x000001c0       0x20 c:/winavr-20100110/bin/../lib/gcc/avr/4.3.3/avr5\libgcc.a(_fpcmp_parts_sf.o)

.debug_pubnames
                0x00000000      0x22e
 *(.debug_pubnames)
 .debug_pubnames
                0x00000000       0x23 c:/winavr-20100110/bin/../lib/gcc/avr/4.3.3/avr5\libgcc.a(_fixunssfsi.o)
 .debug_pubnames
                0x00000023       0x2c c:/winavr-20100110/bin/../lib/gcc/avr/4.3.3/avr5\libgcc.a(_addsub_sf.o)
 .debug_pubnames
                0x0000004f       0x1f c:/winavr-20100110/bin/../lib/gcc/avr/4.3.3/avr5\libgcc.a(_mul_sf.o)
 .debug_pubnames
                0x0000006e       0x1f c:/winavr-20100110/bin/../lib/gcc/avr/4.3.3/avr5\libgcc.a(_div_sf.o)
 .debug_pubnames
                0x0000008d       0x1e c:/winavr-20100110/bin/../lib/gcc/avr/4.3.3/avr5\libgcc.a(_ne_sf.o)
 .debug_pubnames
                0x000000ab       0x1e c:/winavr-20100110/bin/../lib/gcc/avr/4.3.3/avr5\libgcc.a(_gt_sf.o)
 .debug_pubnames
                0x000000c9       0x1e c:/winavr-20100110/bin/../lib/gcc/avr/4.3.3/avr5\libgcc.a(_ge_sf.o)
 .debug_pubnames
                0x000000e7       0x1e c:/winavr-20100110/bin/../lib/gcc/avr/4.3.3/avr5\libgcc.a(_lt_sf.o)
 .debug_pubnames
                0x00000105       0x1e c:/winavr-20100110/bin/../lib/gcc/avr/4.3.3/avr5\libgcc.a(_le_sf.o)
 .debug_pubnames
                0x00000123       0x20 c:/winavr-20100110/bin/../lib/gcc/avr/4.3.3/avr5\libgcc.a(_sf_to_si.o)
 .debug_pubnames
                0x00000143       0x22 c:/winavr-20100110/bin/../lib/gcc/avr/4.3.3/avr5\libgcc.a(_thenan_sf.o)
 .debug_pubnames
                0x00000165       0x24 c:/winavr-20100110/bin/../lib/gcc/avr/4.3.3/avr5\libgcc.a(_usi_to_sf.o)
 .debug_pubnames
                0x00000189       0x1f c:/winavr-20100110/bin/../lib/gcc/avr/4.3.3/avr5\libgcc.a(_clzsi2.o)
 .debug_pubnames
                0x000001a8       0x1f c:/winavr-20100110/bin/../lib/gcc/avr/4.3.3/avr5\libgcc.a(_pack_sf.o)
 .debug_pubnames
                0x000001c7       0x21 c:/winavr-20100110/bin/../lib/gcc/avr/4.3.3/avr5\libgcc.a(_unpack_sf.o)
 .debug_pubnames
                0x000001e8       0x26 c:/winavr-20100110/bin/../lib/gcc/avr/4.3.3/avr5\libgcc.a(_fpcmp_parts_sf.o)
 .debug_pubnames
                0x0000020e       0x20 c:/winavr-20100110/bin/../lib/gcc/avr/4.3.3/avr5\libgcc.a(_clz.o)

.debug_info     0x00000000     0x2909
 *(.debug_info)
 .debug_info    0x00000000       0xb1 c:/winavr-20100110/bin/../lib/gcc/avr/4.3.3/avr5\libgcc.a(_fixunssfsi.o)
 .debug_info    0x000000b1      0x47a c:/winavr-20100110/bin/../lib/gcc/avr/4.3.3/avr5\libgcc.a(_addsub_sf.o)
 .debug_info    0x0000052b      0x485 c:/winavr-20100110/bin/../lib/gcc/avr/4.3.3/avr5\libgcc.a(_mul_sf.o)
 .debug_info    0x000009b0      0x3fc c:/winavr-20100110/bin/../lib/gcc/avr/4.3.3/avr5\libgcc.a(_div_sf.o)
 .debug_info    0x00000dac      0x27f c:/winavr-20100110/bin/../lib/gcc/avr/4.3.3/avr5\libgcc.a(_ne_sf.o)
 .debug_info    0x0000102b      0x27f c:/winavr-20100110/bin/../lib/gcc/avr/4.3.3/avr5\libgcc.a(_gt_sf.o)
 .debug_info    0x000012aa      0x27f c:/winavr-20100110/bin/../lib/gcc/avr/4.3.3/avr5\libgcc.a(_ge_sf.o)
 .debug_info    0x00001529      0x27f c:/winavr-20100110/bin/../lib/gcc/avr/4.3.3/avr5\libgcc.a(_lt_sf.o)
 .debug_info    0x000017a8      0x27f c:/winavr-20100110/bin/../lib/gcc/avr/4.3.3/avr5\libgcc.a(_le_sf.o)
 .debug_info    0x00001a27      0x2b0 c:/winavr-20100110/bin/../lib/gcc/avr/4.3.3/avr5\libgcc.a(_sf_to_si.o)
 .debug_info    0x00001cd7      0x12c c:/winavr-20100110/bin/../lib/gcc/avr/4.3.3/avr5\libgcc.a(_thenan_sf.o)
 .debug_info    0x00001e03      0x206 c:/winavr-20100110/bin/../lib/gcc/avr/4.3.3/avr5\libgcc.a(_usi_to_sf.o)
 .debug_info    0x00002009      0x117 c:/winavr-20100110/bin/../lib/gcc/avr/4.3.3/avr5\libgcc.a(_clzsi2.o)
 .debug_info    0x00002120      0x2df c:/winavr-20100110/bin/../lib/gcc/avr/4.3.3/avr5\libgcc.a(_pack_sf.o)
 .debug_info    0x000023ff      0x251 c:/winavr-20100110/bin/../lib/gcc/avr/4.3.3/avr5\libgcc.a(_unpack_sf.o)
 .debug_info    0x00002650      0x210 c:/winavr-20100110/bin/../lib/gcc/avr/4.3.3/avr5\libgcc.a(_fpcmp_parts_sf.o)
 .debug_info    0x00002860       0xa9 c:/winavr-20100110/bin/../lib/gcc/avr/4.3.3/avr5\libgcc.a(_clz.o)
 *(.gnu.linkonce.wi.*)

.debug_abbrev   0x00000000     0x163a
 *(.debug_abbrev)
 .debug_abbrev  0x00000000       0x5d c:/winavr-20100110/bin/../lib/gcc/avr/4.3.3/avr5\libgcc.a(_fixunssfsi.o)
 .debug_abbrev  0x0000005d      0x1ea c:/winavr-20100110/bin/../lib/gcc/avr/4.3.3/avr5\libgcc.a(_addsub_sf.o)
 .debug_abbrev  0x00000247      0x21b c:/winavr-20100110/bin/../lib/gcc/avr/4.3.3/avr5\libgcc.a(_mul_sf.o)
 .debug_abbrev  0x00000462      0x216 c:/winavr-20100110/bin/../lib/gcc/avr/4.3.3/avr5\libgcc.a(_div_sf.o)
 .debug_abbrev  0x00000678      0x15a c:/winavr-20100110/bin/../lib/gcc/avr/4.3.3/avr5\libgcc.a(_ne_sf.o)
 .debug_abbrev  0x000007d2      0x15a c:/winavr-20100110/bin/../lib/gcc/avr/4.3.3/avr5\libgcc.a(_gt_sf.o)
 .debug_abbrev  0x0000092c      0x15a c:/winavr-20100110/bin/../lib/gcc/avr/4.3.3/avr5\libgcc.a(_ge_sf.o)
 .debug_abbrev  0x00000a86      0x15a c:/winavr-20100110/bin/../lib/gcc/avr/4.3.3/avr5\libgcc.a(_lt_sf.o)
 .debug_abbrev  0x00000be0      0x15a c:/winavr-20100110/bin/../lib/gcc/avr/4.3.3/avr5\libgcc.a(_le_sf.o)
 .debug_abbrev  0x00000d3a      0x17f c:/winavr-20100110/bin/../lib/gcc/avr/4.3.3/avr5\libgcc.a(_sf_to_si.o)
 .debug_abbrev  0x00000eb9       0xad c:/winavr-20100110/bin/../lib/gcc/avr/4.3.3/avr5\libgcc.a(_thenan_sf.o)
 .debug_abbrev  0x00000f66      0x157 c:/winavr-20100110/bin/../lib/gcc/avr/4.3.3/avr5\libgcc.a(_usi_to_sf.o)
 .debug_abbrev  0x000010bd       0xc4 c:/winavr-20100110/bin/../lib/gcc/avr/4.3.3/avr5\libgcc.a(_clzsi2.o)
 .debug_abbrev  0x00001181      0x1c0 c:/winavr-20100110/bin/../lib/gcc/avr/4.3.3/avr5\libgcc.a(_pack_sf.o)
 .debug_abbrev  0x00001341      0x154 c:/winavr-20100110/bin/../lib/gcc/avr/4.3.3/avr5\libgcc.a(_unpack_sf.o)
 .debug_abbrev  0x00001495      0x13b c:/winavr-20100110/bin/../lib/gcc/avr/4.3.3/avr5\libgcc.a(_fpcmp_parts_sf.o)
 .debug_abbrev  0x000015d0       0x6a c:/winavr-20100110/bin/../lib/gcc/avr/4.3.3/avr5\libgcc.a(_clz.o)

.debug_line     0x00000000     0x137c
 *(.debug_line)
 .debug_line    0x00000000       0xa7 c:/winavr-20100110/bin/../lib/gcc/avr/4.3.3/avr5\libgcc.a(_fixunssfsi.o)
 .debug_line    0x000000a7      0x2af c:/winavr-20100110/bin/../lib/gcc/avr/4.3.3/avr5\libgcc.a(_addsub_sf.o)
 .debug_line    0x00000356      0x239 c:/winavr-20100110/bin/../lib/gcc/avr/4.3.3/avr5\libgcc.a(_mul_sf.o)
 .debug_line    0x0000058f      0x1d5 c:/winavr-20100110/bin/../lib/gcc/avr/4.3.3/avr5\libgcc.a(_div_sf.o)
 .debug_line    0x00000764       0xd3 c:/winavr-20100110/bin/../lib/gcc/avr/4.3.3/avr5\libgcc.a(_ne_sf.o)
 .debug_line    0x00000837       0xd3 c:/winavr-20100110/bin/../lib/gcc/avr/4.3.3/avr5\libgcc.a(_gt_sf.o)
 .debug_line    0x0000090a       0xd3 c:/winavr-20100110/bin/../lib/gcc/avr/4.3.3/avr5\libgcc.a(_ge_sf.o)
 .debug_line    0x000009dd       0xd3 c:/winavr-20100110/bin/../lib/gcc/avr/4.3.3/avr5\libgcc.a(_lt_sf.o)
 .debug_line    0x00000ab0       0xd3 c:/winavr-20100110/bin/../lib/gcc/avr/4.3.3/avr5\libgcc.a(_le_sf.o)
 .debug_line    0x00000b83      0x109 c:/winavr-20100110/bin/../lib/gcc/avr/4.3.3/avr5\libgcc.a(_sf_to_si.o)
 .debug_line    0x00000c8c       0x90 c:/winavr-20100110/bin/../lib/gcc/avr/4.3.3/avr5\libgcc.a(_thenan_sf.o)
 .debug_line    0x00000d1c      0x133 c:/winavr-20100110/bin/../lib/gcc/avr/4.3.3/avr5\libgcc.a(_usi_to_sf.o)
 .debug_line    0x00000e4f       0xa5 c:/winavr-20100110/bin/../lib/gcc/avr/4.3.3/avr5\libgcc.a(_clzsi2.o)
 .debug_line    0x00000ef4      0x18a c:/winavr-20100110/bin/../lib/gcc/avr/4.3.3/avr5\libgcc.a(_pack_sf.o)
 .debug_line    0x0000107e      0x14b c:/winavr-20100110/bin/../lib/gcc/avr/4.3.3/avr5\libgcc.a(_unpack_sf.o)
 .debug_line    0x000011c9      0x137 c:/winavr-20100110/bin/../lib/gcc/avr/4.3.3/avr5\libgcc.a(_fpcmp_parts_sf.o)
 .debug_line    0x00001300       0x7c c:/winavr-20100110/bin/../lib/gcc/avr/4.3.3/avr5\libgcc.a(_clz.o)

.debug_frame    0x00000000      0x200
 *(.debug_frame)
 .debug_frame   0x00000000       0x20 c:/winavr-20100110/bin/../lib/gcc/avr/4.3.3/avr5\libgcc.a(_fixunssfsi.o)
 .debug_frame   0x00000020       0x40 c:/winavr-20100110/bin/../lib/gcc/avr/4.3.3/avr5\libgcc.a(_addsub_sf.o)
 .debug_frame   0x00000060       0x20 c:/winavr-20100110/bin/../lib/gcc/avr/4.3.3/avr5\libgcc.a(_mul_sf.o)
 .debug_frame   0x00000080       0x20 c:/winavr-20100110/bin/../lib/gcc/avr/4.3.3/avr5\libgcc.a(_div_sf.o)
 .debug_frame   0x000000a0       0x20 c:/winavr-20100110/bin/../lib/gcc/avr/4.3.3/avr5\libgcc.a(_ne_sf.o)
 .debug_frame   0x000000c0       0x20 c:/winavr-20100110/bin/../lib/gcc/avr/4.3.3/avr5\libgcc.a(_gt_sf.o)
 .debug_frame   0x000000e0       0x20 c:/winavr-20100110/bin/../lib/gcc/avr/4.3.3/avr5\libgcc.a(_ge_sf.o)
 .debug_frame   0x00000100       0x20 c:/winavr-20100110/bin/../lib/gcc/avr/4.3.3/avr5\libgcc.a(_lt_sf.o)
 .debug_frame   0x00000120       0x20 c:/winavr-20100110/bin/../lib/gcc/avr/4.3.3/avr5\libgcc.a(_le_sf.o)
 .debug_frame   0x00000140       0x20 c:/winavr-20100110/bin/../lib/gcc/avr/4.3.3/avr5\libgcc.a(_sf_to_si.o)
 .debug_frame   0x00000160       0x20 c:/winavr-20100110/bin/../lib/gcc/avr/4.3.3/avr5\libgcc.a(_usi_to_sf.o)
 .debug_frame   0x00000180       0x20 c:/winavr-20100110/bin/../lib/gcc/avr/4.3.3/avr5\libgcc.a(_clzsi2.o)
 .debug_frame   0x000001a0       0x20 c:/winavr-20100110/bin/../lib/gcc/avr/4.3.3/avr5\libgcc.a(_pack_sf.o)
 .debug_frame   0x000001c0       0x20 c:/winavr-20100110/bin/../lib/gcc/avr/4.3.3/avr5\libgcc.a(_unpack_sf.o)
 .debug_frame   0x000001e0       0x20 c:/winavr-20100110/bin/../lib/gcc/avr/4.3.3/avr5\libgcc.a(_fpcmp_parts_sf.o)

.debug_str      0x00000000      0x306
 *(.debug_str)
 .debug_str     0x00000000       0xbf c:/winavr-20100110/bin/../lib/gcc/avr/4.3.3/avr5\libgcc.a(_fixunssfsi.o)
                                 0xfe (size before relaxing)
 .debug_str     0x000000bf      0x14d c:/winavr-20100110/bin/../lib/gcc/avr/4.3.3/avr5\libgcc.a(_addsub_sf.o)
                                0x206 (size before relaxing)
 .debug_str     0x0000020c       0x27 c:/winavr-20100110/bin/../lib/gcc/avr/4.3.3/avr5\libgcc.a(_mul_sf.o)
                                0x1bf (size before relaxing)
 .debug_str     0x00000233       0x35 c:/winavr-20100110/bin/../lib/gcc/avr/4.3.3/avr5\libgcc.a(_div_sf.o)
                                0x1c8 (size before relaxing)
 .debug_str     0x00000268        0x8 c:/winavr-20100110/bin/../lib/gcc/avr/4.3.3/avr5\libgcc.a(_ne_sf.o)
                                0x195 (size before relaxing)
 .debug_str     0x00000270        0x8 c:/winavr-20100110/bin/../lib/gcc/avr/4.3.3/avr5\libgcc.a(_gt_sf.o)
                                0x195 (size before relaxing)
 .debug_str     0x00000278        0x8 c:/winavr-20100110/bin/../lib/gcc/avr/4.3.3/avr5\libgcc.a(_ge_sf.o)
                                0x195 (size before relaxing)
 .debug_str     0x00000280        0x8 c:/winavr-20100110/bin/../lib/gcc/avr/4.3.3/avr5\libgcc.a(_lt_sf.o)
                                0x195 (size before relaxing)
 .debug_str     0x00000288        0x8 c:/winavr-20100110/bin/../lib/gcc/avr/4.3.3/avr5\libgcc.a(_le_sf.o)
                                0x195 (size before relaxing)
 .debug_str     0x00000290        0xa c:/winavr-20100110/bin/../lib/gcc/avr/4.3.3/avr5\libgcc.a(_sf_to_si.o)
                                0x19e (size before relaxing)
 .debug_str     0x00000000      0x103 c:/winavr-20100110/bin/../lib/gcc/avr/4.3.3/avr5\libgcc.a(_thenan_sf.o)
 .debug_str     0x0000029a       0x21 c:/winavr-20100110/bin/../lib/gcc/avr/4.3.3/avr5\libgcc.a(_usi_to_sf.o)
                                0x177 (size before relaxing)
 .debug_str     0x000002bb       0x20 c:/winavr-20100110/bin/../lib/gcc/avr/4.3.3/avr5\libgcc.a(_clzsi2.o)
                                0x111 (size before relaxing)
 .debug_str     0x000002db       0x10 c:/winavr-20100110/bin/../lib/gcc/avr/4.3.3/avr5\libgcc.a(_pack_sf.o)
                                0x19d (size before relaxing)
 .debug_str     0x000002eb        0xb c:/winavr-20100110/bin/../lib/gcc/avr/4.3.3/avr5\libgcc.a(_unpack_sf.o)
                                0x17f (size before relaxing)
 .debug_str     0x000002f6       0x10 c:/winavr-20100110/bin/../lib/gcc/avr/4.3.3/avr5\libgcc.a(_fpcmp_parts_sf.o)
                                0x163 (size before relaxing)
 .debug_str     0x00000000       0xf4 c:/winavr-20100110/bin/../lib/gcc/avr/4.3.3/avr5\libgcc.a(_clz.o)

.debug_loc      0x00000000      0x9e6
 *(.debug_loc)
 .debug_loc     0x00000000       0x34 c:/winavr-20100110/bin/../lib/gcc/avr/4.3.3/avr5\libgcc.a(_fixunssfsi.o)
 .debug_loc     0x00000034      0x32a c:/winavr-20100110/bin/../lib/gcc/avr/4.3.3/avr5\libgcc.a(_addsub_sf.o)
 .debug_loc     0x0000035e      0x104 c:/winavr-20100110/bin/../lib/gcc/avr/4.3.3/avr5\libgcc.a(_mul_sf.o)
 .debug_loc     0x00000462       0xc0 c:/winavr-20100110/bin/../lib/gcc/avr/4.3.3/avr5\libgcc.a(_div_sf.o)
 .debug_loc     0x00000522       0x3c c:/winavr-20100110/bin/../lib/gcc/avr/4.3.3/avr5\libgcc.a(_ne_sf.o)
 .debug_loc     0x0000055e       0x3c c:/winavr-20100110/bin/../lib/gcc/avr/4.3.3/avr5\libgcc.a(_gt_sf.o)
 .debug_loc     0x0000059a       0x3c c:/winavr-20100110/bin/../lib/gcc/avr/4.3.3/avr5\libgcc.a(_ge_sf.o)
 .debug_loc     0x000005d6       0x3c c:/winavr-20100110/bin/../lib/gcc/avr/4.3.3/avr5\libgcc.a(_lt_sf.o)
 .debug_loc     0x00000612       0x3c c:/winavr-20100110/bin/../lib/gcc/avr/4.3.3/avr5\libgcc.a(_le_sf.o)
 .debug_loc     0x0000064e       0x7e c:/winavr-20100110/bin/../lib/gcc/avr/4.3.3/avr5\libgcc.a(_sf_to_si.o)
 .debug_loc     0x000006cc       0x4c c:/winavr-20100110/bin/../lib/gcc/avr/4.3.3/avr5\libgcc.a(_usi_to_sf.o)
 .debug_loc     0x00000718       0x94 c:/winavr-20100110/bin/../lib/gcc/avr/4.3.3/avr5\libgcc.a(_clzsi2.o)
 .debug_loc     0x000007ac      0x13e c:/winavr-20100110/bin/../lib/gcc/avr/4.3.3/avr5\libgcc.a(_pack_sf.o)
 .debug_loc     0x000008ea       0xac c:/winavr-20100110/bin/../lib/gcc/avr/4.3.3/avr5\libgcc.a(_unpack_sf.o)
 .debug_loc     0x00000996       0x50 c:/winavr-20100110/bin/../lib/gcc/avr/4.3.3/avr5\libgcc.a(_fpcmp_parts_sf.o)

.debug_macinfo
 *(.debug_macinfo)
OUTPUT(security_ECU.elf elf32-avr)
LOAD linker stubs

.debug_ranges   0x00000000       0x50
 .debug_ranges  0x00000000       0x50 c:/winavr-20100110/bin/../lib/gcc/avr/4.3.3/avr5\libgcc.a(_mul_sf.o)
